// Jest Snapshot v1, https://goo.gl/fbAQLP

exports[`ProfileBtn's Snapshot 1`] = `
<li
  className="header__nav-item user"
>
  <ForwardRef
    className="header__nav-link header__nav-link--profile"
    to="test.com"
  >
    <span
      className="header__login"
    >
      test
    </span>
  </ForwardRef>
</li>
`;
