// Jest Snapshot v1, https://goo.gl/fbAQLP

exports[`CityList's snapshot 1`] = `
Array [
  <li
    className="locations__item"
  >
    <a
      className="locations__item-link tabs__item false"
      href="#"
      id="Dusseldorf"
      onClick={[Function]}
    >
      <span>
        Dusseldorf
      </span>
    </a>
  </li>,
  <li
    className="locations__item"
  >
    <a
      className="locations__item-link tabs__item false"
      href="#"
      id="Dusseldorf"
      onClick={[Function]}
    >
      <span>
        Dusseldorf
      </span>
    </a>
  </li>,
  <li
    className="locations__item"
  >
    <a
      className="locations__item-link tabs__item false"
      href="#"
      id="Dusseldorf"
      onClick={[Function]}
    >
      <span>
        Dusseldorf
      </span>
    </a>
  </li>,
]
`;
