// Jest Snapshot v1, https://goo.gl/fbAQLP

exports[`CityList's snapshot 1`] = `
Array [
  <li
    className="locations__item"
  >
    <a
      className="locations__item-link tabs__item tabs__item--active"
      href="#"
      id="Amsterdam"
      onClick={[Function]}
    >
      <span>
        Amsterdam
      </span>
    </a>
  </li>,
  <li
    className="locations__item"
  >
    <a
      className="locations__item-link tabs__item false"
      href="#"
      id="Paris"
      onClick={[Function]}
    >
      <span>
        Paris
      </span>
    </a>
  </li>,
  <li
    className="locations__item"
  >
    <a
      className="locations__item-link tabs__item false"
      href="#"
      id="Hamburg"
      onClick={[Function]}
    >
      <span>
        Hamburg
      </span>
    </a>
  </li>,
]
`;
